Archive member included because of file (symbol)

c:/winavr-20100110/bin/../lib/gcc/avr/4.3.3/avr5\libgcc.a(_exit.o)
                              c:/winavr-20100110/bin/../lib/gcc/avr/4.3.3/../../../../avr/lib/avr5/crtm32.o (exit)
c:/winavr-20100110/bin/../lib/gcc/avr/4.3.3/avr5\libgcc.a(_clear_bss.o)
                              ./MCAL/TIMERS/TIMERS_Prog.o (__do_clear_bss)

Allocating common symbols
Common symbol       size              file

Sensed_Humidity     0x1               ./APP/main.o
f_OVF               0x2               ./MCAL/TIMERS/TIMERS_Prog.o
Sensed_Temp         0x2               ./APP/main.o

Memory Configuration

Name             Origin             Length             Attributes
text             0x00000000         0x00020000         xr
data             0x00800060         0x0000ffa0         rw !x
eeprom           0x00810000         0x00010000         rw !x
fuse             0x00820000         0x00000400         rw !x
lock             0x00830000         0x00000400         rw !x
signature        0x00840000         0x00000400         rw !x
*default*        0x00000000         0xffffffff

Linker script and memory map

LOAD c:/winavr-20100110/bin/../lib/gcc/avr/4.3.3/../../../../avr/lib/avr5/crtm32.o
LOAD ./MCAL/TIMERS/TIMERS_Prog.o
LOAD ./MCAL/MDIO/MDIO.o
LOAD ./APP/main.o
LOAD c:/winavr-20100110/bin/../lib/gcc/avr/4.3.3/avr5\libgcc.a
LOAD c:/winavr-20100110/bin/../lib/gcc/avr/4.3.3/../../../../avr/lib/avr5\libc.a
LOAD c:/winavr-20100110/bin/../lib/gcc/avr/4.3.3/avr5\libgcc.a

.hash
 *(.hash)

.dynsym
 *(.dynsym)

.dynstr
 *(.dynstr)

.gnu.version
 *(.gnu.version)

.gnu.version_d
 *(.gnu.version_d)

.gnu.version_r
 *(.gnu.version_r)

.rel.init
 *(.rel.init)

.rela.init
 *(.rela.init)

.rel.text
 *(.rel.text)
 *(.rel.text.*)
 *(.rel.gnu.linkonce.t*)

.rela.text
 *(.rela.text)
 *(.rela.text.*)
 *(.rela.gnu.linkonce.t*)

.rel.fini
 *(.rel.fini)

.rela.fini
 *(.rela.fini)

.rel.rodata
 *(.rel.rodata)
 *(.rel.rodata.*)
 *(.rel.gnu.linkonce.r*)

.rela.rodata
 *(.rela.rodata)
 *(.rela.rodata.*)
 *(.rela.gnu.linkonce.r*)

.rel.data
 *(.rel.data)
 *(.rel.data.*)
 *(.rel.gnu.linkonce.d*)

.rela.data
 *(.rela.data)
 *(.rela.data.*)
 *(.rela.gnu.linkonce.d*)

.rel.ctors
 *(.rel.ctors)

.rela.ctors
 *(.rela.ctors)

.rel.dtors
 *(.rel.dtors)

.rela.dtors
 *(.rela.dtors)

.rel.got
 *(.rel.got)

.rela.got
 *(.rela.got)

.rel.bss
 *(.rel.bss)

.rela.bss
 *(.rela.bss)

.rel.plt
 *(.rel.plt)

.rela.plt
 *(.rela.plt)

.text           0x00000000      0x860
 *(.vectors)
 .vectors       0x00000000       0x54 c:/winavr-20100110/bin/../lib/gcc/avr/4.3.3/../../../../avr/lib/avr5/crtm32.o
                0x00000000                __vectors
                0x00000000                __vector_default
 *(.vectors)
 *(.progmem.gcc*)
 *(.progmem*)
                0x00000054                . = ALIGN (0x2)
                0x00000054                __trampolines_start = .
 *(.trampolines)
 .trampolines   0x00000054        0x0 linker stubs
 *(.trampolines*)
                0x00000054                __trampolines_end = .
 *(.jumptables)
 *(.jumptables*)
 *(.lowtext)
 *(.lowtext*)
                0x00000054                __ctors_start = .
 *(.ctors)
                0x00000054                __ctors_end = .
                0x00000054                __dtors_start = .
 *(.dtors)
                0x00000054                __dtors_end = .
 SORT(*)(.ctors)
 SORT(*)(.dtors)
 *(.init0)
 .init0         0x00000054        0x0 c:/winavr-20100110/bin/../lib/gcc/avr/4.3.3/../../../../avr/lib/avr5/crtm32.o
                0x00000054                __init
 *(.init0)
 *(.init1)
 *(.init1)
 *(.init2)
 .init2         0x00000054        0xc c:/winavr-20100110/bin/../lib/gcc/avr/4.3.3/../../../../avr/lib/avr5/crtm32.o
 *(.init2)
 *(.init3)
 *(.init3)
 *(.init4)
 .init4         0x00000060       0x10 c:/winavr-20100110/bin/../lib/gcc/avr/4.3.3/avr5\libgcc.a(_clear_bss.o)
                0x00000060                __do_clear_bss
 *(.init4)
 *(.init5)
 *(.init5)
 *(.init6)
 *(.init6)
 *(.init7)
 *(.init7)
 *(.init8)
 *(.init8)
 *(.init9)
 .init9         0x00000070        0x8 c:/winavr-20100110/bin/../lib/gcc/avr/4.3.3/../../../../avr/lib/avr5/crtm32.o
 *(.init9)
 *(.text)
 .text          0x00000078        0x4 c:/winavr-20100110/bin/../lib/gcc/avr/4.3.3/../../../../avr/lib/avr5/crtm32.o
                0x00000078                __vector_1
                0x00000078                __vector_12
                0x00000078                __bad_interrupt
                0x00000078                __vector_6
                0x00000078                __vector_3
                0x00000078                __vector_13
                0x00000078                __vector_17
                0x00000078                __vector_19
                0x00000078                __vector_7
                0x00000078                __vector_5
                0x00000078                __vector_4
                0x00000078                __vector_9
                0x00000078                __vector_2
                0x00000078                __vector_15
                0x00000078                __vector_8
                0x00000078                __vector_14
                0x00000078                __vector_10
                0x00000078                __vector_16
                0x00000078                __vector_18
                0x00000078                __vector_20
 .text          0x0000007c        0x0 ./MCAL/TIMERS/TIMERS_Prog.o
 .text          0x0000007c        0x0 ./MCAL/MDIO/MDIO.o
 .text          0x0000007c        0x0 ./APP/main.o
 .text          0x0000007c        0x0 c:/winavr-20100110/bin/../lib/gcc/avr/4.3.3/avr5\libgcc.a(_exit.o)
 .text          0x0000007c        0x0 c:/winavr-20100110/bin/../lib/gcc/avr/4.3.3/avr5\libgcc.a(_clear_bss.o)
                0x0000007c                . = ALIGN (0x2)
 *(.text.*)
 .text.MTIMERS_voidStart
                0x0000007c       0x2a ./MCAL/TIMERS/TIMERS_Prog.o
                0x0000007c                MTIMERS_voidStart
 .text.MTIMERS_voidSetIntervalCounts_OVF
                0x000000a6       0x1e ./MCAL/TIMERS/TIMERS_Prog.o
                0x000000a6                MTIMERS_voidSetIntervalCounts_OVF
 .text.MTIMERS_voidSetPreloadValue
                0x000000c4       0x1a ./MCAL/TIMERS/TIMERS_Prog.o
                0x000000c4                MTIMERS_voidSetPreloadValue
 .text.MTIMERS_voidSetCompareValue
                0x000000de       0x1c ./MCAL/TIMERS/TIMERS_Prog.o
                0x000000de                MTIMERS_voidSetCompareValue
 .text.MTIMERS_voidStop
                0x000000fa       0x32 ./MCAL/TIMERS/TIMERS_Prog.o
                0x000000fa                MTIMERS_voidStop
 .text.__vector_11
                0x0000012c       0x9e ./MCAL/TIMERS/TIMERS_Prog.o
                0x0000012c                __vector_11
 .text.MTIMERS_voidInit
                0x000001ca      0x13e ./MCAL/TIMERS/TIMERS_Prog.o
                0x000001ca                MTIMERS_voidInit
 .text.MDIO_voidSetPinDirection
                0x00000308      0x104 ./MCAL/MDIO/MDIO.o
                0x00000308                MDIO_voidSetPinDirection
 .text.MDIO_voidSetPinValue
                0x0000040c      0x104 ./MCAL/MDIO/MDIO.o
                0x0000040c                MDIO_voidSetPinValue
 .text.MDIO_U8ReadPinValue
                0x00000510       0x3c ./MCAL/MDIO/MDIO.o
                0x00000510                MDIO_U8ReadPinValue
 .text.MDIO_voidTogglePinValue
                0x0000054c       0x46 ./MCAL/MDIO/MDIO.o
                0x0000054c                MDIO_voidTogglePinValue
 .text.MDIO_voidSetPortDirection
                0x00000592       0x26 ./MCAL/MDIO/MDIO.o
                0x00000592                MDIO_voidSetPortDirection
 .text.MDIO_voidSetPortValue
                0x000005b8       0x26 ./MCAL/MDIO/MDIO.o
                0x000005b8                MDIO_voidSetPortValue
 .text.MDIO_U8ReadPortValue
                0x000005de       0x2a ./MCAL/MDIO/MDIO.o
                0x000005de                MDIO_U8ReadPortValue
 .text.MDIO_voidSetLowNibbleDirection
                0x00000608       0xb2 ./MCAL/MDIO/MDIO.o
                0x00000608                MDIO_voidSetLowNibbleDirection
 .text.MDIO_voidSetHighNibbleDirection
                0x000006ba       0xb2 ./MCAL/MDIO/MDIO.o
                0x000006ba                MDIO_voidSetHighNibbleDirection
 .text.MDIO_voidSetLowNibble
                0x0000076c       0x50 ./MCAL/MDIO/MDIO.o
                0x0000076c                MDIO_voidSetLowNibble
 .text.MDIO_voidSetHighNibble
                0x000007bc       0x52 ./MCAL/MDIO/MDIO.o
                0x000007bc                MDIO_voidSetHighNibble
 .text.main     0x0000080e       0x4e ./APP/main.o
                0x0000080e                main
 .text.libgcc   0x0000085c        0x0 c:/winavr-20100110/bin/../lib/gcc/avr/4.3.3/avr5\libgcc.a(_exit.o)
 .text.libgcc   0x0000085c        0x0 c:/winavr-20100110/bin/../lib/gcc/avr/4.3.3/avr5\libgcc.a(_clear_bss.o)
                0x0000085c                . = ALIGN (0x2)
 *(.fini9)
 .fini9         0x0000085c        0x0 c:/winavr-20100110/bin/../lib/gcc/avr/4.3.3/avr5\libgcc.a(_exit.o)
                0x0000085c                exit
                0x0000085c                _exit
 *(.fini9)
 *(.fini8)
 *(.fini8)
 *(.fini7)
 *(.fini7)
 *(.fini6)
 *(.fini6)
 *(.fini5)
 *(.fini5)
 *(.fini4)
 *(.fini4)
 *(.fini3)
 *(.fini3)
 *(.fini2)
 *(.fini2)
 *(.fini1)
 *(.fini1)
 *(.fini0)
 .fini0         0x0000085c        0x4 c:/winavr-20100110/bin/../lib/gcc/avr/4.3.3/avr5\libgcc.a(_exit.o)
 *(.fini0)
                0x00000860                _etext = .

.data           0x00800060        0x0 load address 0x00000860
                0x00800060                PROVIDE (__data_start, .)
 *(.data)
 .data          0x00800060        0x0 c:/winavr-20100110/bin/../lib/gcc/avr/4.3.3/../../../../avr/lib/avr5/crtm32.o
 .data          0x00800060        0x0 ./MCAL/TIMERS/TIMERS_Prog.o
 .data          0x00800060        0x0 ./MCAL/MDIO/MDIO.o
 .data          0x00800060        0x0 ./APP/main.o
 .data          0x00800060        0x0 c:/winavr-20100110/bin/../lib/gcc/avr/4.3.3/avr5\libgcc.a(_exit.o)
 .data          0x00800060        0x0 c:/winavr-20100110/bin/../lib/gcc/avr/4.3.3/avr5\libgcc.a(_clear_bss.o)
 *(.data*)
 *(.rodata)
 *(.rodata*)
 *(.gnu.linkonce.d*)
                0x00800060                . = ALIGN (0x2)
                0x00800060                _edata = .
                0x00800060                PROVIDE (__data_end, .)

.bss            0x00800060        0xd
                0x00800060                PROVIDE (__bss_start, .)
 *(.bss)
 .bss           0x00800060        0x0 c:/winavr-20100110/bin/../lib/gcc/avr/4.3.3/../../../../avr/lib/avr5/crtm32.o
 .bss           0x00800060        0x0 ./MCAL/TIMERS/TIMERS_Prog.o
 .bss           0x00800060        0x0 ./MCAL/MDIO/MDIO.o
 .bss           0x00800060        0x0 ./APP/main.o
 .bss           0x00800060        0x0 c:/winavr-20100110/bin/../lib/gcc/avr/4.3.3/avr5\libgcc.a(_exit.o)
 .bss           0x00800060        0x0 c:/winavr-20100110/bin/../lib/gcc/avr/4.3.3/avr5\libgcc.a(_clear_bss.o)
 *(.bss*)
 .bss.L_u32Counter.1458
                0x00800060        0x4 ./MCAL/TIMERS/TIMERS_Prog.o
 .bss.G_u32IntervalCounts
                0x00800064        0x4 ./MCAL/TIMERS/TIMERS_Prog.o
 *(COMMON)
 COMMON         0x00800068        0x2 ./MCAL/TIMERS/TIMERS_Prog.o
                0x00800068                f_OVF
 COMMON         0x0080006a        0x3 ./APP/main.o
                0x0080006a                Sensed_Humidity
                0x0080006b                Sensed_Temp
                0x0080006d                PROVIDE (__bss_end, .)
                0x00000860                __data_load_start = LOADADDR (.data)
                0x00000860                __data_load_end = (__data_load_start + SIZEOF (.data))

.noinit         0x0080006d        0x0
                0x0080006d                PROVIDE (__noinit_start, .)
 *(.noinit*)
                0x0080006d                PROVIDE (__noinit_end, .)
                0x0080006d                _end = .
                0x0080006d                PROVIDE (__heap_start, .)

.eeprom         0x00810000        0x0
 *(.eeprom*)
                0x00810000                __eeprom_end = .

.fuse
 *(.fuse)
 *(.lfuse)
 *(.hfuse)
 *(.efuse)

.lock
 *(.lock*)

.signature
 *(.signature*)

.stab
 *(.stab)

.stabstr
 *(.stabstr)

.stab.excl
 *(.stab.excl)

.stab.exclstr
 *(.stab.exclstr)

.stab.index
 *(.stab.index)

.stab.indexstr
 *(.stab.indexstr)

.comment
 *(.comment)

.debug
 *(.debug)

.line
 *(.line)

.debug_srcinfo
 *(.debug_srcinfo)

.debug_sfnames
 *(.debug_sfnames)

.debug_aranges
 *(.debug_aranges)

.debug_pubnames
 *(.debug_pubnames)

.debug_info
 *(.debug_info)
 *(.gnu.linkonce.wi.*)

.debug_abbrev
 *(.debug_abbrev)

.debug_line
 *(.debug_line)

.debug_frame
 *(.debug_frame)

.debug_str
 *(.debug_str)

.debug_loc
 *(.debug_loc)

.debug_macinfo
 *(.debug_macinfo)
OUTPUT(ECO_Control.elf elf32-avr)
LOAD linker stubs
